test/run: line 24: ./hello: No such file or directory
